// Jest Snapshot v1, https://goo.gl/fbAQLP

exports[`test api post user test create user 1`] = `
Object {
  "createdAt": "2020-02-17T11:09:08.983Z",
  "id": "209",
  "job": "leader",
  "name": "morpheus",
}
`;
