// Jest Snapshot v1, https://goo.gl/fbAQLP

exports[`test api list users user can get list users at page 2 1`] = `
Object {
  "data": Array [
    Object {
      "avatar": "https://s3.amazonaws.com/uifaces/faces/twitter/follettkyle/128.jpg",
      "email": "michael.lawson@reqres.in",
      "first_name": "Michael",
      "id": 7,
      "last_name": "Lawson",
    },
    Object {
      "avatar": "https://s3.amazonaws.com/uifaces/faces/twitter/araa3185/128.jpg",
      "email": "lindsay.ferguson@reqres.in",
      "first_name": "Lindsay",
      "id": 8,
      "last_name": "Ferguson",
    },
    Object {
      "avatar": "https://s3.amazonaws.com/uifaces/faces/twitter/vivekprvr/128.jpg",
      "email": "tobias.funke@reqres.in",
      "first_name": "Tobias",
      "id": 9,
      "last_name": "Funke",
    },
    Object {
      "avatar": "https://s3.amazonaws.com/uifaces/faces/twitter/russoedu/128.jpg",
      "email": "byron.fields@reqres.in",
      "first_name": "Byron",
      "id": 10,
      "last_name": "Fields",
    },
    Object {
      "avatar": "https://s3.amazonaws.com/uifaces/faces/twitter/mrmoiree/128.jpg",
      "email": "george.edwards@reqres.in",
      "first_name": "George",
      "id": 11,
      "last_name": "Edwards",
    },
    Object {
      "avatar": "https://s3.amazonaws.com/uifaces/faces/twitter/hebertialmeida/128.jpg",
      "email": "rachel.howell@reqres.in",
      "first_name": "Rachel",
      "id": 12,
      "last_name": "Howell",
    },
  ],
  "page": 2,
  "per_page": 6,
  "total": 12,
  "total_pages": 2,
}
`;
