// Jest Snapshot v1, https://goo.gl/fbAQLP

exports[`test jest penjumlahan 1`] = `9`;
